// Vitest Snapshot v1, https://vitest.dev/guide/snapshot.html

exports[`activity-indicator > renders correctly 1`] = `"<div id=\\"container\\" class=\\"w-56\\"></div>"`;
