// Vitest Snapshot v1, https://vitest.dev/guide/snapshot.html

exports[`header > renders correctly 1`] = `
<div
  className="flex flex-col mt-4 text-center"
>
  <div
    className="z-10 mb-4 bg-white"
  >
    <span
      className="text-4xl tracking-widest font-big-shoulder"
    >
      RODNEY SANTOS
    </span>
    <br />
    <span
      className="ml-[0.55em] font-dosis text-base tracking-[0.83em]"
    >
      PHOTOGRAPHY
    </span>
  </div>
  <div
    className="flex flex-col items-center transition-all will-change-transform -translate-y-14"
    data-testid="menuContainer"
  >
    <div
      className="transition-opacity will-change-auto opacity-0"
      data-testid="menu"
    >
      <div
        className="flex flex-row justify-center"
      >
        <div
          className="px-2 py-1 mx-2 text-center border-2 cursor-pointer border-neutral-900 bg-neutral-900 text-neutral-100"
          data-testid="black and white"
          onClick={[Function]}
        >
          black and white
        </div>
        <div
          className="px-2 py-1 mx-2 text-center border-2 cursor-pointer border-neutral-900 "
          data-testid="color"
          onClick={[Function]}
        >
          color
        </div>
        <div
          className="px-2 py-1 mx-2 text-center border-2 cursor-pointer border-neutral-900 bg-neutral-900 text-neutral-100"
          data-testid="low-key"
          onClick={[Function]}
        >
          low-key
        </div>
      </div>
    </div>
    <svg
      className="w-5 mt-4 transition-opacity cursor-pointer will-change-auto opacity-20"
      data-testid="chevronDownIcon"
      onClick={[Function]}
      onKeyDown={[Function]}
      viewBox="0 0 512 512"
      xmlns="http://www.w3.org/2000/svg"
    >
      <path
        d="M256 0a256 256 0 1 0 0 512A256 256 0 1 0 256 0zM135 241c-9.4-9.4-9.4-24.6 0-33.9s24.6-9.4 33.9 0l87 87 87-87c9.4-9.4 24.6-9.4 33.9 0s9.4 24.6 0 33.9L273 345c-9.4 9.4-24.6 9.4-33.9 0L135 241z"
      />
    </svg>
  </div>
</div>
`;
