// Jest Snapshot v1, https://goo.gl/fbAQLP

exports[`menu renders correctly 1`] = `
<div>
  <div
    className="flex flex-row justify-center"
  >
    <div
      className="px-2 py-1 mx-2 text-center border-2 cursor-pointer border-neutral-900"
    >
      black and white
    </div>
    <div
      className="px-2 py-1 mx-2 text-center border-2 cursor-pointer border-neutral-900"
    >
      color
    </div>
    <div
      className="px-2 py-1 mx-2 text-center border-2 cursor-pointer bg-neutral-900 text-neutral-100 border-neutral-900"
    >
      low-key
    </div>
  </div>
</div>
`;
